javac : src\CourseRegis
trationSystem.java:9: 
error: class ClientAppo
intmentSystem is 
public, should be 
declared in a file 
named ClientAppointment
System.java
At line:1 char:1
+ javac -d src 
src\Appointment.java sr
c\CourseRegistrationSys
tem.java 2 ...
+ ~~~~~~~~~~~~~~~~~~~~~
~~~~~~~~~~~~~~~~~~~~~~~
~~~~~~~~~~~~~~~~~~~~~~~
~~
    + CategoryInfo     
         : NotSpecifi  
  ed: (src\CourseReg   
 is...mentSystem.ja    
va:String) [], Rem    
oteException
    + FullyQualifiedEr 
   rorId : NativeComm  
  andError
 
public class ClientAppo
intmentSystem extends 
JFrame {
       ^
1 error
